============================= test session starts =============================
platform win32 -- Python 3.11.3, pytest-7.4.3, pluggy-1.6.0
rootdir: E:\projects\parkland
collected 4 items

tests\test_math_quizzes.py EEEE                                          [100%]

=================================== ERRORS ====================================
_________________ ERROR at setup of test_multiply_page_loads __________________

    @pytest.fixture
    def client():
>       app = create_app()

tests\test_math_quizzes.py:6: 
_ _ _ _ _ _ _ _ _ _ _ _ _ _ _ _ _ _ _ _ _ _ _ _ _ _ _ _ _ _ _ _ _ _ _ _ _ _ _ _
parklandapp\__init__.py:28: in create_app
    from parklandapp.box2box import box2box as box2box_blueprint
parklandapp\box2box\__init__.py:5: in <module>
    from parklandapp.box2box import routes
parklandapp\box2box\routes.py:3: in <module>
    from parklandapp.auth.utils import login_required
parklandapp\auth\__init__.py:5: in <module>
    from parklandapp.auth import routes
_ _ _ _ _ _ _ _ _ _ _ _ _ _ _ _ _ _ _ _ _ _ _ _ _ _ _ _ _ _ _ _ _ _ _ _ _ _ _ _

    from flask import render_template, url_for, flash, redirect, request, session, current_app
    from parklandapp.auth import auth
>   from authlib.integrations.flask_client import OAuth
E   ModuleNotFoundError: No module named 'authlib'

parklandapp\auth\routes.py:3: ModuleNotFoundError
_____________ ERROR at setup of test_multiply_submission_correct ______________

    @pytest.fixture
    def client():
>       app = create_app()

tests\test_math_quizzes.py:6: 
_ _ _ _ _ _ _ _ _ _ _ _ _ _ _ _ _ _ _ _ _ _ _ _ _ _ _ _ _ _ _ _ _ _ _ _ _ _ _ _
parklandapp\__init__.py:28: in create_app
    from parklandapp.box2box import box2box as box2box_blueprint
parklandapp\box2box\__init__.py:5: in <module>
    from parklandapp.box2box import routes
parklandapp\box2box\routes.py:3: in <module>
    from parklandapp.auth.utils import login_required
parklandapp\auth\__init__.py:5: in <module>
    from parklandapp.auth import routes
_ _ _ _ _ _ _ _ _ _ _ _ _ _ _ _ _ _ _ _ _ _ _ _ _ _ _ _ _ _ _ _ _ _ _ _ _ _ _ _

    from flask import render_template, url_for, flash, redirect, request, session, current_app
    from parklandapp.auth import auth
>   from authlib.integrations.flask_client import OAuth
E   ModuleNotFoundError: No module named 'authlib'

parklandapp\auth\routes.py:3: ModuleNotFoundError
____________ ERROR at setup of test_multiply_submission_incorrect _____________

    @pytest.fixture
    def client():
>       app = create_app()

tests\test_math_quizzes.py:6: 
_ _ _ _ _ _ _ _ _ _ _ _ _ _ _ _ _ _ _ _ _ _ _ _ _ _ _ _ _ _ _ _ _ _ _ _ _ _ _ _
parklandapp\__init__.py:28: in create_app
    from parklandapp.box2box import box2box as box2box_blueprint
parklandapp\box2box\__init__.py:5: in <module>
    from parklandapp.box2box import routes
parklandapp\box2box\routes.py:3: in <module>
    from parklandapp.auth.utils import login_required
parklandapp\auth\__init__.py:5: in <module>
    from parklandapp.auth import routes
_ _ _ _ _ _ _ _ _ _ _ _ _ _ _ _ _ _ _ _ _ _ _ _ _ _ _ _ _ _ _ _ _ _ _ _ _ _ _ _

    from flask import render_template, url_for, flash, redirect, request, session, current_app
    from parklandapp.auth import auth
>   from authlib.integrations.flask_client import OAuth
E   ModuleNotFoundError: No module named 'authlib'

parklandapp\auth\routes.py:3: ModuleNotFoundError
__________________ ERROR at setup of test_divide_page_loads ___________________

    @pytest.fixture
    def client():
>       app = create_app()

tests\test_math_quizzes.py:6: 
_ _ _ _ _ _ _ _ _ _ _ _ _ _ _ _ _ _ _ _ _ _ _ _ _ _ _ _ _ _ _ _ _ _ _ _ _ _ _ _
parklandapp\__init__.py:28: in create_app
    from parklandapp.box2box import box2box as box2box_blueprint
parklandapp\box2box\__init__.py:5: in <module>
    from parklandapp.box2box import routes
parklandapp\box2box\routes.py:3: in <module>
    from parklandapp.auth.utils import login_required
parklandapp\auth\__init__.py:5: in <module>
    from parklandapp.auth import routes
_ _ _ _ _ _ _ _ _ _ _ _ _ _ _ _ _ _ _ _ _ _ _ _ _ _ _ _ _ _ _ _ _ _ _ _ _ _ _ _

    from flask import render_template, url_for, flash, redirect, request, session, current_app
    from parklandapp.auth import auth
>   from authlib.integrations.flask_client import OAuth
E   ModuleNotFoundError: No module named 'authlib'

parklandapp\auth\routes.py:3: ModuleNotFoundError
=========================== short test summary info ===========================
ERROR tests/test_math_quizzes.py::test_multiply_page_loads - ModuleNotFoundEr...
ERROR tests/test_math_quizzes.py::test_multiply_submission_correct - ModuleNo...
ERROR tests/test_math_quizzes.py::test_multiply_submission_incorrect - Module...
ERROR tests/test_math_quizzes.py::test_divide_page_loads - ModuleNotFoundErro...
============================== 4 errors in 0.55s ==============================
